[agameritrade.com/index.html]
[backblue.gif]
[fade.gif]
[index.html]
[agameritrade.com/img/mockup.jpg]
[agameritrade.com/fonts/fa-brands-400.woff2]
[agameritrade.com/fonts/fa-solid-900.woff2]
[agameritrade.com/fonts/mulish-v3-latin-300.woff2]
[agameritrade.com/fonts/mulish-v3-latin-800.4.delayed]
[agameritrade.com/fonts/roboto-v20-latin-300.woff2]
[agameritrade.com/css/style.css]
[agameritrade.com/js/vendors/uikit.min.js]
[agameritrade.com/js/utilities.min.js]
[agameritrade.com/js/config-theme.js]
[agameritrade.com/img/gp-fav.png]
[agameritrade.com/assets/css/bootstrap.min.css]
[agameritrade.com/assets/css/all.min.css]
[agameritrade.com/assets/css/animate.min.css]
[agameritrade.com/assets/webfonts/flaticon/flaticon.css]
[agameritrade.com/assets/css/owl.carousel.min.css]
[agameritrade.com/assets/css/jquery.fancybox.min.css]
[agameritrade.com/assets/css/layerslider.css]
[agameritrade.com/assets/css/template.css]
[agameritrade.com/assets/css/style.css]
[agameritrade.com/assets/css/category/corporate-5.css]
[agameritrade.com/planning.html]
[agameritrade.com/about.html]
[agameritrade.com/faq.html]
[agameritrade.com/cert.pdf]
[agameritrade.com/market.html]
[agameritrade.com/oil.html]
[agameritrade.com/estate-planning.html]
[agameritrade.com/business-planning.html]
[agameritrade.com/financial-planning.html]
[agameritrade.com/long-term-care.html]
[agameritrade.com/private-planning.php]
[agameritrade.com/resources.html]
[agameritrade.com/assets/images/slider/aspire-11.jpg]
[agameritrade.com/assets/images/slider/finacepips-4.jpg]
[agameritrade.com/assets/images/gp-wall-fixed.png]
[agameritrade.com/assets/images/gp-holders.png]
[agameritrade.com/assets/about.mp4]
[agameritrade.com/assets/images/founder.jpg]
[s3.tradingview.com/external-embedding/embed-widget-ticker-tape.js]
[agameritrade.com/img/in-footer-background.png]
[agameritrade.com/stocks.html]
[agameritrade.com/forex.html]
[agameritrade.com/mutual-funds.html]
[agameritrade.com/real-estate.html]
[agameritrade.com/fixed-income.html]
[agameritrade.com/gold.html]
[agameritrade.com/license/index.html]
[agameritrade.com/private-health-management.html]
[agameritrade.com/img/in-store-google.png]
[agameritrade.com/img/2.png]
[agameritrade.com/assets/js/jquery.min.js]
[agameritrade.com/assets/js/greensock.js]
[agameritrade.com/assets/js/layerslider.transitions.js]
[agameritrade.com/assets/js/layerslider.kreaturamedia.jquery.js]
[agameritrade.com/assets/js/bootstrap.bundle.min.js]
[agameritrade.com/assets/js/jquery.fancybox.min.js]
[agameritrade.com/assets/js/wow.js]
[agameritrade.com/assets/js/owl.carousel.min.js]
[agameritrade.com/assets/js/mixitup.min.js]
[agameritrade.com/index.html]
[agameritrade.com/fonts/mulish-v3-latin-800.html]
[agameritrade.com/assets/js/custom.js]
[agameritrade.com/fonts/mulish-v3-latin-801.html]
[agameritrade.com/fonts/mulish-v3-latin-800.woff]
[agameritrade.com/fonts/mulish-v3-latin-300.woff]
[agameritrade.com/fonts/roboto-v20-latin-300.woff]
[agameritrade.com/fonts/fa-solid-900.ttf]
[agameritrade.com/css/style.css]
[agameritrade.com/js/vendors/uikit.min.js]
[agameritrade.com/fonts/fa-brands-400.ttf]
[agameritrade.com/sendmail.html]
[agameritrade.com/js/utilities.min.js]
[agameritrade.com/js/config-theme.js]
[agameritrade.com/assets/css/bootstrap.min.css]
[agameritrade.com/assets/webfonts/fa-brands-400.eot]
[agameritrade.com/assets/webfonts/fa-brands-400d41dd41d.eot]
[agameritrade.com/assets/webfonts/fa-brands-400.woff2]
[agameritrade.com/assets/webfonts/fa-brands-400.woff]
[agameritrade.com/assets/webfonts/fa-brands-400.ttf]
[agameritrade.com/assets/webfonts/fa-brands-400.svg]
[agameritrade.com/assets/webfonts/fa-regular-400.eot]
[agameritrade.com/assets/webfonts/fa-regular-400d41dd41d.eot]
[agameritrade.com/assets/webfonts/fa-regular-400.woff2]
[agameritrade.com/assets/webfonts/fa-regular-400.woff]
[agameritrade.com/assets/webfonts/fa-regular-400.ttf]
[agameritrade.com/assets/webfonts/fa-regular-400.svg]
[agameritrade.com/assets/webfonts/fa-solid-900.eot]
[agameritrade.com/assets/webfonts/fa-solid-900d41dd41d.eot]
[agameritrade.com/assets/webfonts/fa-solid-900.woff2]
[agameritrade.com/assets/webfonts/fa-solid-900.woff]
[agameritrade.com/assets/webfonts/fa-solid-900.ttf]
[agameritrade.com/assets/css/all.min.css]
[agameritrade.com/assets/css/animate.min.css]
[agameritrade.com/assets/webfonts/fa-solid-900.svg]
[agameritrade.com/assets/webfonts/flaticon/Flaticon.eot]
[agameritrade.com/assets/webfonts/flaticon/Flaticond41dd41d.eot]
[agameritrade.com/assets/webfonts/flaticon/Flaticon.woff2]
[agameritrade.com/assets/webfonts/flaticon/Flaticon.woff]
[agameritrade.com/assets/webfonts/flaticon/Flaticon.ttf]
[agameritrade.com/assets/webfonts/flaticon/flaticon.css]
[agameritrade.com/assets/webfonts/flaticon/Flaticon.svg]
[agameritrade.com/assets/css/owl.video.play.html]
[agameritrade.com/assets/css/owl.carousel.min.css]
[agameritrade.com/assets/css/jquery.fancybox.min.css]
[agameritrade.com/assets/images/icon-muted-white.png]
[agameritrade.com/assets/images/icon-unmuted-white.png]
[agameritrade.com/assets/css/layerslider.css]
[agameritrade.com/assets/images/clipart/3.png]
[agameritrade.com/assets/css/template.css]
[agameritrade.com/assets/css/style.css]
[agameritrade.com/assets/css/category/corporate-5.css]
[agameritrade.com/assets/images/1.png]
[agameritrade.com/index.html]
[agameritrade.com/cfinancial-planning.64.delayed]
[agameritrade.com/planning.html]
[agameritrade.com/img/gp-hero.png]
[agameritrade.com/about.html]
[agameritrade.com/faq.html]
[agameritrade.com/market.html]
[agameritrade.com/img/oil.jpg]
[agameritrade.com/oil.html]
[agameritrade.com/img/estate.jpg]
[agameritrade.com/estate-planning.html]
[agameritrade.com/img/business.jpg]
[agameritrade.com/business-planning.html]
[agameritrade.com/img/finance.jpg]
[agameritrade.com/financial-planning.html]
[agameritrade.com/img/long.jpg]
[agameritrade.com/long-term-care.html]
[agameritrade.com/private-planning.html]
[agameritrade.com/buy-crypto.html]
[agameritrade.com/disclaimer.html]
[agameritrade.com/cashback-policy.html]
[agameritrade.com/criminal-activity-policy.html]
[agameritrade.com/terms.html]
[agameritrade.com/privacy-policy.html]
[agameritrade.com/resources.html]
[agameritrade.com/assets/about.html]
[agameritrade.com/img/stocks.jpg]
[agameritrade.com/stocks.html]
[agameritrade.com/img/forex.jpg]
[agameritrade.com/img/forex2.png]
[agameritrade.com/forex.html]
[agameritrade.com/img/mutual.jpg]
[agameritrade.com/mutual-funds.html]
[agameritrade.com/img/real.jpg]
[agameritrade.com/real-estate.html]
[agameritrade.com/img/fixed.jpg]
[agameritrade.com/fixed-income.html]
[agameritrade.com/img/gold.jpg]
[agameritrade.com/gold.html]
[agameritrade.com/img/logo.png]
[agameritrade.com/img/gp-logo.png]
[agameritrade.com/license/fonts/fa-brands-400.woff2]
[agameritrade.com/license/fonts/fa-solid-900.woff2]
[agameritrade.com/license/fonts/mulish-v3-latin-300.woff2]
[agameritrade.com/license/fonts/mulish-v3-latin-800.php]
[agameritrade.com/license/fonts/roboto-v20-latin-300.woff2]
[agameritrade.com/license/css/style.css]
[agameritrade.com/license/js/vendors/uikit.min.js]
[agameritrade.com/license/js/utilities.min.js]
[agameritrade.com/license/js/config-theme.js]
[agameritrade.com/license/img/gp-fav.png]
[agameritrade.com/license/img/apple-touch-icon.png]
[agameritrade.com/license/img/in-header-background.png]
[agameritrade.com/license/index-2.html]
[agameritrade.com/license/img/in-lazy.gif]
[agameritrade.com/license/planning.php]
[agameritrade.com/license/img/gp-tl.png]
[agameritrade.com/license/img/in-footer-background.png]
[agameritrade.com/license/img/in-store-google.png]
[agameritrade.com/license/img/2.png]
[agameritrade.com/license/index.html]
[agameritrade.com/img/private.jpg]
[agameritrade.com/private-health-management.html]
[agameritrade.com/assets/js/jquery.min.js]
[agameritrade.com/assets/js/greensock.js]
[agameritrade.com/assets/js/layerslider.transitions.js]
[agameritrade.com/Version/index.html]
[agameritrade.com/5S/dC/index.html]
[agameritrade.com/8s.8e.delayed]
[agameritrade.com/7p_/2T.3m.5x/2G/2T.js]
[agameritrade.com/qd/index.html]
[agameritrade.com/3Y/index.html]
[agameritrade.com/1O/5S.1O.js]
[agameritrade.com/assets/js/layerslider.kreaturamedia.jquery.js]
[agameritrade.com/assets/js/bootstrap.bundle.min.js]
[agameritrade.com/f3_/index.html]
[agameritrade.com/7p_/index.html]
[agameritrade.com/2W/index.html]
[agameritrade.com/assets/js/jquery.fancybox.min.js]
[agameritrade.com/assets/js/wow.js]
[agameritrade.com/assets/js/owl.carousel.min.js]
[agameritrade.com/assets/js/mixitup.min.js]
[agameritrade.com/k8_/index.html]
[agameritrade.com/assets/js/custom.js]
[agameritrade.com/fonts/mulish-v3-latin-801.html]
[agameritrade.com/sendmail.html]
[agameritrade.com/assets/webfonts/fa-brands-400.svg]
[agameritrade.com/assets/webfonts/fa-regular-400.svg]
[agameritrade.com/s0 s1 bt s2 @ 7p_/5S.gm.5x/index.html]
[agameritrade.com/assets/webfonts/fa-solid-900.svg]
[agameritrade.com/assets/webfonts/flaticon/Flaticon.svg]
[agameritrade.com/assets/css/owl.video.play.html]
[agameritrade.com/index.html]
[agameritrade.com/cfinancial-planning.html]
[agameritrade.com/buy-crypto.html]
[agameritrade.com/img/terms.jpg]
[agameritrade.com/disclaimer.html]
[agameritrade.com/cashback-policy.html]
[agameritrade.com/criminal-activity-policy.html]
[agameritrade.com/terms.html]
[agameritrade.com/privacy-policy.html]
[agameritrade.com/license/fonts/mulish-v3-latin-800.html]
[agameritrade.com/license/fonts/mulish-v3-latin-801.html]
[agameritrade.com/license/fonts/mulish-v3-latin-800.woff]
[agameritrade.com/license/fonts/mulish-v3-latin-300.woff]
[agameritrade.com/license/fonts/roboto-v20-latin-300.woff]
[agameritrade.com/license/css/style.css]
[agameritrade.com/license/js/vendors/uikit.min.js]
[agameritrade.com/license/fonts/fa-solid-900.ttf]
[agameritrade.com/license/fonts/fa-brands-400.ttf]
[agameritrade.com/license/sendmail.99.delayed]
[agameritrade.com/license/js/utilities.min.js]
[agameritrade.com/license/js/config-theme.js]
[agameritrade.com/license/index-2.html]
[agameritrade.com/license/planning.html]
[agameritrade.com/Version/index.html]
[agameritrade.com/5S/dC/index.html]
[agameritrade.com/8s.html]
[agameritrade.com/qd/index.html]
[agameritrade.com/7p_/2T.3m.5x/2G/2T.html]
[agameritrade.com/3Y/index.html]
[agameritrade.com/f3_/index.html]
[agameritrade.com/7p_/index.html]
[agameritrade.com/2W/index.html]
[agameritrade.com/s0 s1 bt s2 @ 7p_/5S.gm.5x/index.html]
[agameritrade.com/1O/5S.1O.html]
[agameritrade.com/k8_/index.html]
[code.tidio.co_443/c1xhvhd3jjw5bql9prnozmdz2s7xlcll.js]
[agameritrade.com/license/fonts/mulish-v3-latin-801.html]
[agameritrade.com/license/sendmail.html]
[agameritrade.com/img/crypto.jpg]
